-- Drop test table and test functions
DROP TABLE pg_tracing_test;
DROP function test_function_project_set;
DROP function test_function_result;
DROP VIEW peek_ordered_spans;
DROP VIEW peek_ordered_json_spans;
DROP VIEW peek_ordered_spans_with_pos;
DROP VIEW peek_json_spans_with_level;
DROP VIEW peek_json_spans;
DROP EXTENSION pg_tracing;
