-- Test error thrown within a nested function
/*traceparent='00-00000000000000000000000000000001-0000000000000001-01'*/ SELECT
    eval_expr(format('date %L + interval %L', '-infinity', 'infinity')),
    eval_expr(format('date %L - interval %L', '-infinity', 'infinity'));
       eval_expr        | eval_expr 
------------------------+-----------
 timestamp out of range | -infinity
(1 row)

select span_operation, lvl FROM peek_ordered_spans where trace_id='00000000000000000000000000000001';
           span_operation           | lvl 
------------------------------------+-----
 SELECT                            +|   0
     eval_expr(format($1, $2, $3)),+| 
     eval_expr(format($4, $5, $6))  | 
 Planner                            |   1
 ExecutorRun                        |   1
 Result                             |   2
 $2||expr                           |   3
 Planner                            |   4
 Planner                            |   4
 select date $1 - interval $2       |   3
 Planner                            |   4
 ExecutorRun                        |   4
 Result                             |   5
(11 rows)

-- Cleanup
CALL clean_spans();
